// Jest Snapshot v1, https://goo.gl/fbAQLP

exports[`Cache templates with TTL option 1`] = `"Counter: 1"`;

exports[`Cache templates with TTL option 2`] = `"Counter: 1"`;

exports[`Cache templates with TTL option 3`] = `"Counter: 2"`;

exports[`Cache templates with cache key generator 1`] = `"ID: A, Counter: 1"`;

exports[`Cache templates with cache key generator 2`] = `"ID: B, Counter: 2"`;

exports[`Cache templates with cache key generator 3`] = `"ID: A, Counter: 1"`;

exports[`Cache templates without options 1`] = `"Counter: 1"`;

exports[`Cache templates without options 2`] = `"Counter: 1"`;
