// Jest Snapshot v1, https://goo.gl/fbAQLP

exports[`Render to string Async netsting 1`] = `"<!DOCTYPE html><html><head></head><body class="main">helloworld<p><span style="color:red">some text!</span></p></body></html>"`;

exports[`Render to string Component nesting 1`] = `"<!DOCTYPE html><html><head></head><body><div>123</div></body></html>"`;

exports[`Render to string Custom component 1`] = `"<!DOCTYPE html><html><head></head><body class="main"><span>abc</span><p><span>def</span></p><span>ghi</span><span>jkm</span></body></html>"`;

exports[`Render to string Escape dangerous strings 1`] = `"<!DOCTYPE html><html><head></head><body>&lt;script&gt;alert(&quot;hacked&quot;)&lt;/script&gt;</body></html>"`;

exports[`Render to string Falsy values 1`] = `"<!DOCTYPE html><html><head><title>a title</title></head><body>0<p>test</p>0<span>0</span><span></span><span></span><span>0</span></body></html>"`;

exports[`Render to string Render boolean attributes 1`] = `"<!DOCTYPE html><input type="checkbox"/>"`;

exports[`Render to string Render boolean attributes 2`] = `"<!DOCTYPE html><input type="checkbox" checked/>"`;

exports[`Render to string Render boolean attributes 3`] = `"<!DOCTYPE html><input type="checkbox" checked/>"`;

exports[`Render to string Render className attribute as class 1`] = `"<!DOCTYPE html><html><head></head><body class="awesome">content</body></html>"`;

exports[`Render to string Render null alt attribute 1`] = `"<!DOCTYPE html><img src="./test.jpg" alt=""/>"`;

exports[`Render to string Render object styles 1`] = `"<!DOCTYPE html><html><head></head><body style="text-align:center;border:1px;z-index:2">content</body></html>"`;

exports[`Render to string Render string styles 1`] = `"<!DOCTYPE html><html><head></head><body style="text-align: center; border: 1px">content</body></html>"`;

exports[`Render to string Self closing tags 1`] = `"<!DOCTYPE html><html><head><meta name="test"/></head><body><br/><hr/><img src=""/></body></html>"`;

exports[`Render to string Simple nesting 1`] = `"<!DOCTYPE html><html><head><title>a title</title></head><body>123<p>test</p></body></html>"`;

exports[`Render to string Simple static component 1`] = `"<!DOCTYPE html><html><head></head><body>content</body></html>"`;

exports[`Render to string Unsafe 1`] = `"<!DOCTYPE html><html><head></head><body class="main"><div><script>alert("hacked")</script></div><div><script>alert("hacked")</script></div><div><script>alert("hacked")</script></div><script>alert("hacked")</script><script>alert("hacked")</script></body></html>"`;

exports[`Render to string async component 1`] = `"<!DOCTYPE html><html><head></head><body>content</body></html>"`;
